<html>
<body>
<pre>
<h1>礦ision Build Log</h1>
<h2>Project:</h2>
D:\BaiduYunDownload\青风电子\青云——蓝牙光盘V2\5.青云测试代码\第二部分：BLE蓝牙实验\BLE实验2：LED蓝牙任务读写\Board\pca10001\s110\ble_app_led\arm\ble_app_led.uvproj
Project File Date:  02/11/2018

<h2>Output:</h2>
Build target 'nrf51822_xxaa_s110 (256K)'
compiling system_nrf51.c...
compiling main.c...
compiling ble_led.c...
compiling ble_srv_common.c...
compiling ble_error_log.c...
compiling pstorage.c...
compiling crc16.c...
compiling ble_advdata.c...
compiling app_scheduler.c...
compiling app_timer.c...
compiling ble_conn_params.c...
compiling softdevice_handler.c...
compiling app_button.c...
compiling app_gpiote.c...
compiling ble_debug_assert_handler.c...
linking...
Program Size: Code=14980 RO-data=244 RW-data=200 ZI-data=5880  
FromELF: creating hex file...
".\_build\ble_app_template.axf" - 0 Error(s), 0 Warning(s).
Build target 'nrf51822_xxaa_s110 (256K)'
linking...
Program Size: Code=14980 RO-data=244 RW-data=200 ZI-data=5880  
FromELF: creating hex file...
".\_build\ble_app_template.axf" - 0 Error(s), 0 Warning(s).
